{"level":"info","message":"onRequest - WORKSPACE_URI:file:///Users/tbarenghi/Desktop/repos/java-w31","timestamp":"2025-04-11T23:42:53.404Z"}
{"level":"error","message":"✘ Could not produce symbols: document file:///Users/tbarenghi/Desktop/ElLoboFeroz-Mateo1223-main%202/abuelita.wlk not found","timestamp":"2025-04-11T23:42:59.355Z"}
{"level":"error","message":"✘ Could not produce symbols: document file:///Users/tbarenghi/Desktop/ElLoboFeroz-Mateo1223-main%202/abuelita.wlk not found","timestamp":"2025-04-11T23:42:59.646Z"}
{"level":"error","message":"✘ Could not produce symbols: document file:///Users/tbarenghi/Desktop/ElLoboFeroz-Mateo1223-main%202/caperucita.wlk not found","timestamp":"2025-04-11T23:43:06.504Z"}
{"level":"error","message":"✘ Could not produce symbols: document file:///Users/tbarenghi/Desktop/ElLoboFeroz-Mateo1223-main%202/caperucita.wlk not found","timestamp":"2025-04-11T23:43:06.804Z"}
{"level":"error","message":"✘ Could not produce symbols: document file:///Users/tbarenghi/Desktop/ElLoboFeroz-Mateo1223-main%202/cazador.wlk not found","timestamp":"2025-04-11T23:43:10.164Z"}
{"level":"error","message":"✘ Could not produce symbols: document file:///Users/tbarenghi/Desktop/ElLoboFeroz-Mateo1223-main%202/cazador.wlk not found","timestamp":"2025-04-11T23:43:10.461Z"}
{"level":"error","message":"✘ Could not produce symbols: document file:///Users/tbarenghi/Desktop/ElLoboFeroz-Mateo1223-main%202/feroz.wlk not found","timestamp":"2025-04-11T23:43:12.977Z"}
{"level":"error","message":"✘ Could not produce symbols: document file:///Users/tbarenghi/Desktop/ElLoboFeroz-Mateo1223-main%202/feroz.wlk not found","timestamp":"2025-04-11T23:43:13.276Z"}
{"level":"error","message":"✘ Could not produce symbols: document file:///Users/tbarenghi/Desktop/ElLoboFeroz-Mateo1223-main%202/historia.wtest not found","timestamp":"2025-04-11T23:43:13.733Z"}
{"level":"error","message":"✘ Could not produce symbols: document file:///Users/tbarenghi/Desktop/ElLoboFeroz-Mateo1223-main%202/historia.wtest not found","timestamp":"2025-04-11T23:43:14.038Z"}
{"level":"error","message":"✘ Could not produce symbols: document file:///Users/tbarenghi/Desktop/repos/ElLoboFeroz-thomasbarenghi/caperucita.wlk not found","timestamp":"2025-04-11T23:43:22.120Z"}
{"level":"error","message":"✘ Could not produce symbols: document file:///Users/tbarenghi/Desktop/repos/ElLoboFeroz-thomasbarenghi/caperucita.wlk not found","timestamp":"2025-04-11T23:43:22.417Z"}
{"level":"error","message":"✘ Could not produce symbols: document file:///Users/tbarenghi/Desktop/repos/ElLoboFeroz-thomasbarenghi/chanchitos.wlk not found","timestamp":"2025-04-11T23:43:23.576Z"}
{"level":"error","message":"✘ Could not produce symbols: document file:///Users/tbarenghi/Desktop/repos/ElLoboFeroz-thomasbarenghi/chanchitos.wlk not found","timestamp":"2025-04-11T23:43:23.873Z"}
{"level":"error","message":"✘ Could not produce symbols: document file:///Users/tbarenghi/Desktop/repos/ElLoboFeroz-thomasbarenghi/feroz.wlk not found","timestamp":"2025-04-11T23:43:24.552Z"}
{"level":"error","message":"✘ Could not produce symbols: document file:///Users/tbarenghi/Desktop/repos/ElLoboFeroz-thomasbarenghi/feroz.wlk not found","timestamp":"2025-04-11T23:43:24.852Z"}
{"level":"error","message":"✘ Could not produce symbols: document file:///Users/tbarenghi/Desktop/repos/ElLoboFeroz-thomasbarenghi/chanchitos.wlk not found","timestamp":"2025-04-11T23:44:41.523Z"}
{"level":"error","message":"✘ Could not produce symbols: document file:///Users/tbarenghi/Desktop/repos/ElLoboFeroz-thomasbarenghi/caperucita.wlk not found","timestamp":"2025-04-11T23:44:52.387Z"}
{"level":"error","message":"✘ Could not produce symbols: document file:///Users/tbarenghi/Desktop/repos/ElLoboFeroz-thomasbarenghi/chanchitos.wlk not found","timestamp":"2025-04-11T23:45:12.401Z"}
{"level":"error","message":"✘ Could not produce symbols: document file:///Users/tbarenghi/Desktop/repos/ElLoboFeroz-thomasbarenghi/feroz.wlk not found","timestamp":"2025-04-11T23:45:13.171Z"}
{"level":"error","message":"✘ Could not produce symbols: document file:///Users/tbarenghi/Desktop/ElLoboFeroz-Mateo1223-main%202/historia.wtest not found","timestamp":"2025-04-11T23:45:15.930Z"}
{"level":"error","message":"✘ Could not produce symbols: document file:///Users/tbarenghi/Desktop/repos/ElLoboFeroz-thomasbarenghi/caperucita.wlk not found","timestamp":"2025-04-11T23:46:14.197Z"}
{"level":"error","message":"✘ Could not produce symbols: document file:///Users/tbarenghi/Desktop/repos/ElLoboFeroz-thomasbarenghi/feroz.wlk not found","timestamp":"2025-04-11T23:46:15.429Z"}
{"level":"error","message":"✘ Could not produce symbols: document file:///Users/tbarenghi/Desktop/repos/ElLoboFeroz-thomasbarenghi/chanchitos.wlk not found","timestamp":"2025-04-11T23:46:16.917Z"}
{"level":"error","message":"✘ Could not produce symbols: document file:///Users/tbarenghi/Desktop/ElLoboFeroz-Mateo1223-main%202/feroz.wlk not found","timestamp":"2025-04-11T23:46:17.798Z"}
{"level":"error","message":"✘ Could not produce symbols: document file:///Users/tbarenghi/Desktop/ElLoboFeroz-Mateo1223-main%202/cazador.wlk not found","timestamp":"2025-04-11T23:46:21.612Z"}
{"level":"error","message":"✘ Could not produce symbols: document file:///Users/tbarenghi/Desktop/ElLoboFeroz-Mateo1223-main%202/caperucita.wlk not found","timestamp":"2025-04-11T23:46:22.228Z"}
{"level":"error","message":"✘ Could not produce symbols: document file:///Users/tbarenghi/Desktop/repos/ElLoboFeroz-thomasbarenghi/caperucita.wlk not found","timestamp":"2025-04-11T23:46:33.805Z"}
{"level":"error","message":"✘ Could not produce symbols: document file:///Users/tbarenghi/Desktop/repos/ElLoboFeroz-thomasbarenghi/caperucita.wlk not found","timestamp":"2025-04-11T23:46:34.104Z"}
{"level":"error","message":"✘ Could not produce symbols: document file:///Users/tbarenghi/Desktop/repos/ElLoboFeroz-thomasbarenghi/feroz.wlk not found","timestamp":"2025-04-11T23:46:43.495Z"}
{"level":"error","message":"✘ Could not produce symbols: document file:///Users/tbarenghi/Desktop/repos/ElLoboFeroz-thomasbarenghi/feroz.wlk not found","timestamp":"2025-04-11T23:46:43.794Z"}
{"level":"error","message":"✘ Could not produce symbols: document file:///Users/tbarenghi/Desktop/repos/ElLoboFeroz-thomasbarenghi/feroz.wlk not found","timestamp":"2025-04-11T23:46:46.304Z"}
{"level":"error","message":"✘ Could not produce symbols: document file:///Users/tbarenghi/Desktop/repos/ElLoboFeroz-thomasbarenghi/feroz.wlk not found","timestamp":"2025-04-11T23:46:46.305Z"}
{"level":"error","message":"✘ Could not produce symbols: document file:///Users/tbarenghi/Desktop/repos/ElLoboFeroz-thomasbarenghi/feroz.wlk not found","timestamp":"2025-04-11T23:47:03.323Z"}
{"level":"error","message":"✘ Could not produce symbols: document file:///Users/tbarenghi/Desktop/repos/ElLoboFeroz-thomasbarenghi/feroz.wlk not found","timestamp":"2025-04-11T23:47:03.324Z"}
{"level":"error","message":"✘ Could not produce symbols: document file:///Users/tbarenghi/Desktop/repos/ElLoboFeroz-thomasbarenghi/caperucita.wlk not found","timestamp":"2025-04-11T23:47:17.540Z"}
{"level":"error","message":"✘ Could not produce symbols: document file:///Users/tbarenghi/Desktop/repos/ElLoboFeroz-thomasbarenghi/caperucita.wlk not found","timestamp":"2025-04-11T23:47:21.340Z"}
{"level":"error","message":"✘ Could not produce symbols: document file:///Users/tbarenghi/Desktop/repos/ElLoboFeroz-thomasbarenghi/caperucita.wlk not found","timestamp":"2025-04-11T23:47:21.341Z"}
{"level":"error","message":"✘ Could not produce symbols: document file:///Users/tbarenghi/Desktop/repos/ElLoboFeroz-thomasbarenghi/chanchitos.wlk not found","timestamp":"2025-04-11T23:48:45.981Z"}
{"level":"error","message":"✘ Could not produce symbols: document file:///Users/tbarenghi/Desktop/repos/ElLoboFeroz-thomasbarenghi/chanchitos.wlk not found","timestamp":"2025-04-11T23:48:46.280Z"}
{"level":"error","message":"✘ Could not produce symbols: document file:///Users/tbarenghi/Desktop/ElLoboFeroz-Mateo1223-main%202/historia.wtest not found","timestamp":"2025-04-11T23:48:58.116Z"}
{"level":"error","message":"✘ Could not produce symbols: document file:///Users/tbarenghi/Desktop/ElLoboFeroz-Mateo1223-main%202/historia.wtest not found","timestamp":"2025-04-11T23:48:58.414Z"}
{"level":"error","message":"✘ Could not produce symbols: document file:///Users/tbarenghi/Desktop/ElLoboFeroz-Mateo1223-main%202/feroz.wlk not found","timestamp":"2025-04-11T23:49:15.093Z"}
{"level":"error","message":"✘ Could not produce symbols: document file:///Users/tbarenghi/Desktop/ElLoboFeroz-Mateo1223-main%202/feroz.wlk not found","timestamp":"2025-04-11T23:49:15.392Z"}
{"level":"error","message":"✘ Could not produce symbols: document file:///Users/tbarenghi/Desktop/ElLoboFeroz-Mateo1223-main%202/cazador.wlk not found","timestamp":"2025-04-11T23:49:17.379Z"}
{"level":"error","message":"✘ Could not produce symbols: document file:///Users/tbarenghi/Desktop/ElLoboFeroz-Mateo1223-main%202/cazador.wlk not found","timestamp":"2025-04-11T23:49:17.677Z"}
{"level":"error","message":"✘ Could not produce symbols: document file:///Users/tbarenghi/Desktop/repos/ElLoboFeroz-thomasbarenghi/chanchitos.wlk not found","timestamp":"2025-04-11T23:49:30.779Z"}
{"level":"error","message":"✘ Could not produce symbols: document file:///Users/tbarenghi/Desktop/repos/ElLoboFeroz-thomasbarenghi/abuelita.wlk not found","timestamp":"2025-04-11T23:49:42.773Z"}
{"level":"error","message":"✘ Could not produce symbols: document file:///Users/tbarenghi/Desktop/repos/ElLoboFeroz-thomasbarenghi/abuelita.wlk not found","timestamp":"2025-04-11T23:49:43.073Z"}
{"level":"error","message":"✘ Could not produce symbols: document file:///Users/tbarenghi/Desktop/repos/ElLoboFeroz-thomasbarenghi/abuelita.wlk not found","timestamp":"2025-04-11T23:49:45.218Z"}
{"level":"error","message":"✘ Could not produce symbols: document file:///Users/tbarenghi/Desktop/repos/ElLoboFeroz-thomasbarenghi/abuelita.wlk not found","timestamp":"2025-04-11T23:49:45.219Z"}
{"level":"error","message":"✘ Could not produce symbols: document file:///Users/tbarenghi/Desktop/repos/ElLoboFeroz-thomasbarenghi/chanchitos.wlk not found","timestamp":"2025-04-11T23:49:48.383Z"}
{"level":"info","message":"onRequest - STRONG_FILES_CHANGED:/Users/tbarenghi/Desktop/repos/ElLoboFeroz-thomasbarenghi/chanchitos.wlk","timestamp":"2025-04-11T23:49:54.200Z"}
{"level":"info","message":"Removing diagnostics from /Users/tbarenghi/Desktop/repos/ElLoboFeroz-thomasbarenghi/chanchitos.wlk","timestamp":"2025-04-11T23:49:54.383Z"}
{"level":"info","message":"onRequest - WORKSPACE_URI:file:///Users/tbarenghi/Desktop/repos/java-w31","timestamp":"2025-04-11T23:49:54.443Z"}
{"level":"error","message":"✘ Could not produce symbols: document file:///Users/tbarenghi/Desktop/repos/ElLoboFeroz-thomasbarenghi/abuelita.wlk not found","timestamp":"2025-04-11T23:49:54.512Z"}
{"level":"error","message":"✘ Could not produce symbols: document file:///Users/tbarenghi/Desktop/repos/ElLoboFeroz-thomasbarenghi/feroz.wlk not found","timestamp":"2025-04-11T23:50:02.798Z"}
{"level":"error","message":"✘ Could not produce symbols: document file:///Users/tbarenghi/Desktop/repos/ElLoboFeroz-thomasbarenghi/cazador.wlk not found","timestamp":"2025-04-11T23:50:13.481Z"}
{"level":"error","message":"✘ Could not produce symbols: document file:///Users/tbarenghi/Desktop/repos/ElLoboFeroz-thomasbarenghi/cazador.wlk not found","timestamp":"2025-04-11T23:50:13.780Z"}
{"level":"error","message":"✘ Could not produce symbols: document file:///Users/tbarenghi/Desktop/repos/ElLoboFeroz-thomasbarenghi/cazador.wlk not found","timestamp":"2025-04-11T23:50:15.283Z"}
{"level":"error","message":"✘ Could not produce symbols: document file:///Users/tbarenghi/Desktop/repos/ElLoboFeroz-thomasbarenghi/cazador.wlk not found","timestamp":"2025-04-11T23:50:15.284Z"}
{"level":"error","message":"✘ Could not produce symbols: document file:///Users/tbarenghi/Desktop/repos/ElLoboFeroz-thomasbarenghi/historia.wtest not found","timestamp":"2025-04-11T23:51:13.695Z"}
{"level":"error","message":"✘ Could not produce symbols: document file:///Users/tbarenghi/Desktop/repos/ElLoboFeroz-thomasbarenghi/historia.wtest not found","timestamp":"2025-04-11T23:51:13.996Z"}
{"level":"error","message":"✘ Could not produce symbols: document file:///Users/tbarenghi/Desktop/repos/ElLoboFeroz-thomasbarenghi/historia.wtest not found","timestamp":"2025-04-11T23:51:15.529Z"}
{"level":"error","message":"✘ Could not produce symbols: document file:///Users/tbarenghi/Desktop/repos/ElLoboFeroz-thomasbarenghi/historia.wtest not found","timestamp":"2025-04-11T23:51:15.530Z"}
{"level":"error","message":"✘ Could not produce symbols: document file:///Users/tbarenghi/Desktop/ElLoboFeroz-Mateo1223-main%202/historia.wtest not found","timestamp":"2025-04-11T23:51:30.093Z"}
{"level":"error","message":"✘ Could not produce symbols: document file:///Users/tbarenghi/Desktop/ElLoboFeroz-Mateo1223-main%202/historia.wtest not found","timestamp":"2025-04-11T23:51:30.393Z"}
{"level":"error","message":"✘ Could not produce symbols: document file:///Users/tbarenghi/Desktop/repos/ElLoboFeroz-thomasbarenghi/historia.wtest not found","timestamp":"2025-04-11T23:51:39.113Z"}
{"level":"error","message":"✘ Could not produce symbols: document file:///Users/tbarenghi/Desktop/repos/ElLoboFeroz-thomasbarenghi/historia.wtest not found","timestamp":"2025-04-11T23:51:42.630Z"}
{"level":"error","message":"✘ Could not produce symbols: document file:///Users/tbarenghi/Desktop/repos/ElLoboFeroz-thomasbarenghi/historia.wtest not found","timestamp":"2025-04-11T23:51:42.631Z"}
{"level":"error","message":"✘ Could not produce symbols: document file:///Users/tbarenghi/Desktop/repos/ElLoboFeroz-thomasbarenghi/historia.wtest not found","timestamp":"2025-04-11T23:51:44.906Z"}
{"level":"error","message":"✘ Could not produce symbols: document file:///Users/tbarenghi/Desktop/repos/ElLoboFeroz-thomasbarenghi/historia.wtest not found","timestamp":"2025-04-11T23:51:44.907Z"}
{"level":"error","message":"✘ Could not produce symbols: document file:///Users/tbarenghi/Desktop/ElLoboFeroz-Mateo1223-main%202/historia.wtest not found","timestamp":"2025-04-11T23:51:53.160Z"}
{"level":"error","message":"✘ Could not produce symbols: document file:///Users/tbarenghi/Desktop/repos/ElLoboFeroz-thomasbarenghi/historia.wtest not found","timestamp":"2025-04-11T23:51:55.864Z"}
{"level":"error","message":"✘ Could not produce symbols: document file:///Users/tbarenghi/Desktop/ElLoboFeroz-Mateo1223-main%202/historia.wtest not found","timestamp":"2025-04-11T23:52:00.327Z"}
{"level":"error","message":"✘ Could not produce symbols: document file:///Users/tbarenghi/Desktop/repos/ElLoboFeroz-thomasbarenghi/historia.wtest not found","timestamp":"2025-04-11T23:52:24.684Z"}
{"level":"error","message":"✘ Could not produce symbols: document file:///Users/tbarenghi/Desktop/repos/ElLoboFeroz-thomasbarenghi/historia.wtest not found","timestamp":"2025-04-11T23:52:28.774Z"}
{"level":"error","message":"✘ Could not produce symbols: document file:///Users/tbarenghi/Desktop/repos/ElLoboFeroz-thomasbarenghi/historia.wtest not found","timestamp":"2025-04-11T23:52:28.775Z"}
{"level":"error","message":"Could not find selection node for position {\"line\":5,\"character\":1} in text document file:///Users/tbarenghi/Desktop/repos/ElLoboFeroz-thomasbarenghi/historia.wtest","timestamp":"2025-04-11T23:52:35.086Z"}
{"level":"error","message":"✘ Could not produce symbols: document file:///Users/tbarenghi/Desktop/repos/ElLoboFeroz-thomasbarenghi/historia.wtest not found","timestamp":"2025-04-11T23:52:35.419Z"}
{"level":"error","message":"✘ Could not produce symbols: document file:///Users/tbarenghi/Desktop/repos/ElLoboFeroz-thomasbarenghi/historia.wtest not found","timestamp":"2025-04-11T23:52:35.420Z"}
{"level":"info","message":"🧪 Test runner executed on /Users/tbarenghi/Desktop/repos/java-w31","result":{"errored":0,"failed":0,"ok":0},"testsFailed":[],"timeElapsed":95,"timestamp":"2025-04-11T23:53:35.187Z"}
{"level":"info","message":"🧪 Test runner executed on /Users/tbarenghi/Desktop/repos/java-w31","result":{"errored":0,"failed":0,"ok":0},"testsFailed":[],"timeElapsed":91,"timestamp":"2025-04-11T23:53:41.326Z"}
{"level":"error","message":"✘ Could not produce symbols: document file:///Users/tbarenghi/Desktop/repos/ElLoboFeroz-thomasbarenghi/historia.wtest not found","timestamp":"2025-04-11T23:56:02.963Z"}
{"level":"info","message":"🧪 Test runner executed on /Users/tbarenghi/Desktop/repos/java-w31","result":{"errored":0,"failed":0,"ok":0},"testsFailed":[],"timeElapsed":92,"timestamp":"2025-04-11T23:56:05.862Z"}
{"level":"error","message":"✘ Could not produce symbols: document file:///Users/tbarenghi/Desktop/repos/ElLoboFeroz-thomasbarenghi/feroz.wlk not found","timestamp":"2025-04-11T23:56:51.305Z"}
{"level":"error","message":"✘ Could not produce symbols: document file:///Users/tbarenghi/Desktop/repos/ElLoboFeroz-thomasbarenghi/feroz.wlk not found","timestamp":"2025-04-11T23:56:51.603Z"}
{"level":"error","message":"✘ Could not produce symbols: document file:///Users/tbarenghi/Desktop/ElLoboFeroz-Mateo1223-main%202/feroz.wlk not found","timestamp":"2025-04-11T23:56:56.917Z"}
{"level":"error","message":"✘ Could not produce symbols: document file:///Users/tbarenghi/Desktop/ElLoboFeroz-Mateo1223-main%202/feroz.wlk not found","timestamp":"2025-04-11T23:56:57.216Z"}
{"level":"error","message":"✘ Could not produce symbols: document file:///Users/tbarenghi/Desktop/repos/ElLoboFeroz-thomasbarenghi/feroz.wlk not found","timestamp":"2025-04-11T23:57:03.340Z"}
{"level":"error","message":"✘ Could not produce symbols: document file:///Users/tbarenghi/Desktop/repos/ElLoboFeroz-thomasbarenghi/historia.wtest not found","timestamp":"2025-04-11T23:57:09.639Z"}
{"level":"error","message":"✘ Could not produce symbols: document file:///Users/tbarenghi/Desktop/repos/ElLoboFeroz-thomasbarenghi/historia.wtest not found","timestamp":"2025-04-11T23:57:14.597Z"}
{"level":"error","message":"✘ Could not produce symbols: document file:///Users/tbarenghi/Desktop/repos/ElLoboFeroz-thomasbarenghi/historia.wtest not found","timestamp":"2025-04-11T23:57:14.598Z"}
{"level":"error","message":"✘ Could not produce symbols: document file:///Users/tbarenghi/Desktop/repos/ElLoboFeroz-thomasbarenghi/feroz.wlk not found","timestamp":"2025-04-11T23:57:21.979Z"}
{"level":"error","message":"✘ Could not produce symbols: document file:///Users/tbarenghi/Desktop/ElLoboFeroz-Mateo1223-main%202/feroz.wlk not found","timestamp":"2025-04-11T23:57:24.664Z"}
{"level":"error","message":"✘ Could not produce symbols: document file:///Users/tbarenghi/Desktop/repos/ElLoboFeroz-thomasbarenghi/feroz.wlk not found","timestamp":"2025-04-11T23:57:28.606Z"}
{"level":"error","message":"✘ Could not produce symbols: document file:///Users/tbarenghi/Desktop/ElLoboFeroz-Mateo1223-main%202/feroz.wlk not found","timestamp":"2025-04-11T23:57:33.085Z"}
{"level":"error","message":"Could not find selection node for position {\"line\":19,\"character\":0} in text document file:///Users/tbarenghi/Desktop/ElLoboFeroz-Mateo1223-main%202/feroz.wlk","timestamp":"2025-04-11T23:57:43.869Z"}
{"level":"error","message":"✘ Could not produce symbols: document file:///Users/tbarenghi/Desktop/ElLoboFeroz-Mateo1223-main%202/feroz.wlk not found","timestamp":"2025-04-11T23:57:45.792Z"}
{"level":"error","message":"✘ Could not produce symbols: document file:///Users/tbarenghi/Desktop/ElLoboFeroz-Mateo1223-main%202/feroz.wlk not found","timestamp":"2025-04-11T23:57:45.793Z"}
{"level":"error","message":"✘ Could not produce symbols: document file:///Users/tbarenghi/Desktop/ElLoboFeroz-Mateo1223-main%202/feroz.wlk not found","timestamp":"2025-04-11T23:57:47.010Z"}
{"level":"error","message":"✘ Could not produce symbols: document file:///Users/tbarenghi/Desktop/ElLoboFeroz-Mateo1223-main%202/feroz.wlk not found","timestamp":"2025-04-11T23:57:47.012Z"}
{"level":"error","message":"✘ Could not produce symbols: document file:///Users/tbarenghi/Desktop/ElLoboFeroz-Mateo1223-main%202/feroz.wlk not found","timestamp":"2025-04-11T23:57:49.171Z"}
{"level":"error","message":"✘ Could not produce symbols: document file:///Users/tbarenghi/Desktop/ElLoboFeroz-Mateo1223-main%202/feroz.wlk not found","timestamp":"2025-04-11T23:57:49.497Z"}
{"level":"error","message":"✘ Could not produce symbols: document file:///Users/tbarenghi/Desktop/ElLoboFeroz-Mateo1223-main%202/feroz.wlk not found","timestamp":"2025-04-11T23:57:49.499Z"}
{"level":"error","message":"✘ Could not produce symbols: document file:///Users/tbarenghi/Desktop/repos/ElLoboFeroz-thomasbarenghi/feroz.wlk not found","timestamp":"2025-04-11T23:58:37.848Z"}
{"level":"error","message":"✘ Could not produce symbols: document file:///Users/tbarenghi/Desktop/repos/ElLoboFeroz-thomasbarenghi/feroz.wlk not found","timestamp":"2025-04-11T23:58:40.813Z"}
{"level":"error","message":"✘ Could not produce symbols: document file:///Users/tbarenghi/Desktop/repos/ElLoboFeroz-thomasbarenghi/feroz.wlk not found","timestamp":"2025-04-11T23:58:40.815Z"}
{"level":"error","message":"✘ Could not produce symbols: document file:///Users/tbarenghi/Desktop/repos/ElLoboFeroz-thomasbarenghi/feroz.wlk not found","timestamp":"2025-04-11T23:58:42.342Z"}
{"level":"error","message":"✘ Could not produce symbols: document file:///Users/tbarenghi/Desktop/repos/ElLoboFeroz-thomasbarenghi/feroz.wlk not found","timestamp":"2025-04-11T23:58:42.343Z"}
{"level":"error","message":"✘ Could not produce symbols: document file:///Users/tbarenghi/Desktop/repos/ElLoboFeroz-thomasbarenghi/feroz.wlk not found","timestamp":"2025-04-11T23:58:52.696Z"}
{"level":"error","message":"✘ Could not produce symbols: document file:///Users/tbarenghi/Desktop/repos/ElLoboFeroz-thomasbarenghi/feroz.wlk not found","timestamp":"2025-04-11T23:58:52.697Z"}
{"level":"error","message":"✘ Could not produce symbols: document file:///Users/tbarenghi/Desktop/ElLoboFeroz-Mateo1223-main%202/feroz.wlk not found","timestamp":"2025-04-11T23:59:22.810Z"}
{"level":"error","message":"✘ Could not produce symbols: document file:///Users/tbarenghi/Desktop/repos/ElLoboFeroz-thomasbarenghi/historia.wtest not found","timestamp":"2025-04-11T23:59:30.104Z"}
{"level":"error","message":"✘ Could not produce symbols: document file:///Users/tbarenghi/Desktop/repos/ElLoboFeroz-thomasbarenghi/feroz.wlk not found","timestamp":"2025-04-11T23:59:34.353Z"}
{"level":"error","message":"✘ Could not produce symbols: document file:///Users/tbarenghi/Desktop/repos/ElLoboFeroz-thomasbarenghi/historia.wtest not found","timestamp":"2025-04-11T23:59:36.308Z"}
{"level":"error","message":"✘ Could not produce symbols: document file:///Users/tbarenghi/Desktop/repos/ElLoboFeroz-thomasbarenghi/feroz.wlk not found","timestamp":"2025-04-11T23:59:38.964Z"}
{"level":"error","message":"✘ Could not produce symbols: document file:///Users/tbarenghi/Desktop/repos/ElLoboFeroz-thomasbarenghi/historia.wtest not found","timestamp":"2025-04-11T23:59:43.286Z"}
{"level":"error","message":"✘ Error in getDefinition: TypeError: Cannot read properties of undefined (reading 'is') Cannot read properties of undefined (reading 'is')","stack":"TypeError: Cannot read properties of undefined (reading 'is')\n    at /Users/tbarenghi/.vscode/extensions/uqbar.wollok-lsp-ide-0.5.0/out/server/src/server.js:2370:2225\n    at /Users/tbarenghi/.vscode/extensions/uqbar.wollok-lsp-ide-0.5.0/out/server/src/server.js:2370:2179\n    at /Users/tbarenghi/.vscode/extensions/uqbar.wollok-lsp-ide-0.5.0/out/server/src/server.js:2371:8632\n    at /Users/tbarenghi/.vscode/extensions/uqbar.wollok-lsp-ide-0.5.0/out/server/src/server.js:37:75306\n    at Ye (/Users/tbarenghi/.vscode/extensions/uqbar.wollok-lsp-ide-0.5.0/out/server/src/server.js:7:8527)\n    at Dt (/Users/tbarenghi/.vscode/extensions/uqbar.wollok-lsp-ide-0.5.0/out/server/src/server.js:7:6189)\n    at Zi (/Users/tbarenghi/.vscode/extensions/uqbar.wollok-lsp-ide-0.5.0/out/server/src/server.js:7:6378)\n    at Immediate._onImmediate (/Users/tbarenghi/.vscode/extensions/uqbar.wollok-lsp-ide-0.5.0/out/server/src/server.js:7:6142)\n    at process.processImmediate (node:internal/timers:483:21)","timestamp":"2025-04-11T23:59:45.623Z"}
{"level":"error","message":"✘ Could not produce symbols: document file:///Users/tbarenghi/Desktop/repos/ElLoboFeroz-thomasbarenghi/historia.wtest not found","timestamp":"2025-04-11T23:59:48.345Z"}
{"level":"error","message":"✘ Could not produce symbols: document file:///Users/tbarenghi/Desktop/repos/ElLoboFeroz-thomasbarenghi/historia.wtest not found","timestamp":"2025-04-11T23:59:48.346Z"}
{"level":"error","message":"✘ Could not produce symbols: document file:///Users/tbarenghi/Desktop/repos/ElLoboFeroz-thomasbarenghi/feroz.wlk not found","timestamp":"2025-04-11T23:59:52.769Z"}
{"level":"error","message":"✘ Could not produce symbols: document file:///Users/tbarenghi/Desktop/ElLoboFeroz-Mateo1223-main%202/feroz.wlk not found","timestamp":"2025-04-11T23:59:57.709Z"}
{"level":"error","message":"✘ Could not produce symbols: document file:///Users/tbarenghi/Desktop/repos/ElLoboFeroz-thomasbarenghi/feroz.wlk not found","timestamp":"2025-04-12T00:00:03.765Z"}
{"level":"error","message":"✘ Could not produce symbols: document file:///Users/tbarenghi/Desktop/repos/ElLoboFeroz-thomasbarenghi/feroz.wlk not found","timestamp":"2025-04-12T00:00:11.288Z"}
{"level":"error","message":"✘ Could not produce symbols: document file:///Users/tbarenghi/Desktop/repos/ElLoboFeroz-thomasbarenghi/feroz.wlk not found","timestamp":"2025-04-12T00:00:11.289Z"}
{"level":"error","message":"✘ Error in getDefinition: TypeError: Cannot read properties of undefined (reading 'is') Cannot read properties of undefined (reading 'is')","stack":"TypeError: Cannot read properties of undefined (reading 'is')\n    at /Users/tbarenghi/.vscode/extensions/uqbar.wollok-lsp-ide-0.5.0/out/server/src/server.js:2370:2225\n    at /Users/tbarenghi/.vscode/extensions/uqbar.wollok-lsp-ide-0.5.0/out/server/src/server.js:2370:2179\n    at /Users/tbarenghi/.vscode/extensions/uqbar.wollok-lsp-ide-0.5.0/out/server/src/server.js:2371:8632\n    at /Users/tbarenghi/.vscode/extensions/uqbar.wollok-lsp-ide-0.5.0/out/server/src/server.js:37:75306\n    at Ye (/Users/tbarenghi/.vscode/extensions/uqbar.wollok-lsp-ide-0.5.0/out/server/src/server.js:7:8527)\n    at Dt (/Users/tbarenghi/.vscode/extensions/uqbar.wollok-lsp-ide-0.5.0/out/server/src/server.js:7:6189)\n    at Zi (/Users/tbarenghi/.vscode/extensions/uqbar.wollok-lsp-ide-0.5.0/out/server/src/server.js:7:6378)\n    at Immediate._onImmediate (/Users/tbarenghi/.vscode/extensions/uqbar.wollok-lsp-ide-0.5.0/out/server/src/server.js:7:6142)\n    at process.processImmediate (node:internal/timers:483:21)","timestamp":"2025-04-12T00:00:14.680Z"}
{"level":"error","message":"✘ Could not produce symbols: document file:///Users/tbarenghi/Desktop/repos/ElLoboFeroz-thomasbarenghi/historia.wtest not found","timestamp":"2025-04-12T00:00:17.456Z"}
{"level":"error","message":"✘ Could not produce symbols: document file:///Users/tbarenghi/Desktop/ElLoboFeroz-Mateo1223-main%202/feroz.wlk not found","timestamp":"2025-04-12T00:00:27.107Z"}
{"level":"error","message":"✘ Could not produce symbols: document file:///Users/tbarenghi/Desktop/repos/ElLoboFeroz-thomasbarenghi/feroz.wlk not found","timestamp":"2025-04-12T00:00:36.023Z"}
{"level":"error","message":"✘ Could not produce symbols: document file:///Users/tbarenghi/Desktop/ElLoboFeroz-Mateo1223-main%202/feroz.wlk not found","timestamp":"2025-04-12T00:00:41.218Z"}
{"level":"error","message":"✘ Could not produce symbols: document file:///Users/tbarenghi/Desktop/repos/ElLoboFeroz-thomasbarenghi/feroz.wlk not found","timestamp":"2025-04-12T00:00:42.952Z"}
{"level":"error","message":"✘ Could not produce symbols: document file:///Users/tbarenghi/Desktop/repos/ElLoboFeroz-thomasbarenghi/feroz.wlk not found","timestamp":"2025-04-12T00:00:46.906Z"}
{"level":"error","message":"✘ Could not produce symbols: document file:///Users/tbarenghi/Desktop/repos/ElLoboFeroz-thomasbarenghi/feroz.wlk not found","timestamp":"2025-04-12T00:00:46.908Z"}
{"level":"error","message":"✘ Could not produce symbols: document file:///Users/tbarenghi/Desktop/repos/ElLoboFeroz-thomasbarenghi/feroz.wlk not found","timestamp":"2025-04-12T00:00:47.374Z"}
{"level":"error","message":"✘ Could not produce symbols: document file:///Users/tbarenghi/Desktop/repos/ElLoboFeroz-thomasbarenghi/feroz.wlk not found","timestamp":"2025-04-12T00:00:47.375Z"}
{"level":"error","message":"✘ Could not produce symbols: document file:///Users/tbarenghi/Desktop/repos/ElLoboFeroz-thomasbarenghi/feroz.wlk not found","timestamp":"2025-04-12T00:00:57.110Z"}
{"level":"error","message":"✘ Could not produce symbols: document file:///Users/tbarenghi/Desktop/repos/ElLoboFeroz-thomasbarenghi/feroz.wlk not found","timestamp":"2025-04-12T00:00:57.726Z"}
{"level":"error","message":"✘ Could not produce symbols: document file:///Users/tbarenghi/Desktop/repos/ElLoboFeroz-thomasbarenghi/feroz.wlk not found","timestamp":"2025-04-12T00:00:57.727Z"}
{"level":"error","message":"✘ Could not produce symbols: document file:///Users/tbarenghi/Desktop/repos/ElLoboFeroz-thomasbarenghi/historia.wtest not found","timestamp":"2025-04-12T00:00:58.757Z"}
{"level":"error","message":"✘ Could not produce symbols: document file:///Users/tbarenghi/Desktop/repos/ElLoboFeroz-thomasbarenghi/feroz.wlk not found","timestamp":"2025-04-12T00:01:00.979Z"}
{"level":"error","message":"✘ Error in getDefinition: TypeError: Cannot read properties of undefined (reading 'is') Cannot read properties of undefined (reading 'is')","stack":"TypeError: Cannot read properties of undefined (reading 'is')\n    at /Users/tbarenghi/.vscode/extensions/uqbar.wollok-lsp-ide-0.5.0/out/server/src/server.js:2370:2225\n    at /Users/tbarenghi/.vscode/extensions/uqbar.wollok-lsp-ide-0.5.0/out/server/src/server.js:2370:2179\n    at /Users/tbarenghi/.vscode/extensions/uqbar.wollok-lsp-ide-0.5.0/out/server/src/server.js:2371:8632\n    at /Users/tbarenghi/.vscode/extensions/uqbar.wollok-lsp-ide-0.5.0/out/server/src/server.js:37:75306\n    at Ye (/Users/tbarenghi/.vscode/extensions/uqbar.wollok-lsp-ide-0.5.0/out/server/src/server.js:7:8527)\n    at Dt (/Users/tbarenghi/.vscode/extensions/uqbar.wollok-lsp-ide-0.5.0/out/server/src/server.js:7:6189)\n    at Zi (/Users/tbarenghi/.vscode/extensions/uqbar.wollok-lsp-ide-0.5.0/out/server/src/server.js:7:6378)\n    at Immediate._onImmediate (/Users/tbarenghi/.vscode/extensions/uqbar.wollok-lsp-ide-0.5.0/out/server/src/server.js:7:6142)\n    at process.processImmediate (node:internal/timers:483:21)","timestamp":"2025-04-12T00:01:03.095Z"}
{"level":"error","message":"✘ Could not produce symbols: document file:///Users/tbarenghi/Desktop/ElLoboFeroz-Mateo1223-main%202/feroz.wlk not found","timestamp":"2025-04-12T00:01:05.196Z"}
{"level":"error","message":"✘ Could not produce symbols: document file:///Users/tbarenghi/Desktop/repos/ElLoboFeroz-thomasbarenghi/historia.wtest not found","timestamp":"2025-04-12T00:01:09.338Z"}
{"level":"error","message":"✘ Could not produce symbols: document file:///Users/tbarenghi/Desktop/repos/ElLoboFeroz-thomasbarenghi/feroz.wlk not found","timestamp":"2025-04-12T00:01:17.693Z"}
{"level":"error","message":"✘ Could not produce symbols: document file:///Users/tbarenghi/Desktop/repos/ElLoboFeroz-thomasbarenghi/historia.wtest not found","timestamp":"2025-04-12T00:01:25.351Z"}
{"level":"error","message":"✘ Could not produce symbols: document file:///Users/tbarenghi/Desktop/ElLoboFeroz-Mateo1223-main%202/caperucita.wlk not found","timestamp":"2025-04-12T00:01:38.124Z"}
{"level":"error","message":"✘ Could not produce symbols: document file:///Users/tbarenghi/Desktop/ElLoboFeroz-Mateo1223-main%202/caperucita.wlk not found","timestamp":"2025-04-12T00:01:38.423Z"}
{"level":"error","message":"✘ Could not produce symbols: document file:///Users/tbarenghi/Desktop/repos/ElLoboFeroz-thomasbarenghi/caperucita.wlk not found","timestamp":"2025-04-12T00:01:48.090Z"}
{"level":"error","message":"✘ Could not produce symbols: document file:///Users/tbarenghi/Desktop/repos/ElLoboFeroz-thomasbarenghi/caperucita.wlk not found","timestamp":"2025-04-12T00:01:48.389Z"}
{"level":"error","message":"✘ Could not produce symbols: document file:///Users/tbarenghi/Desktop/repos/ElLoboFeroz-thomasbarenghi/caperucita.wlk not found","timestamp":"2025-04-12T00:01:53.737Z"}
{"level":"error","message":"✘ Could not produce symbols: document file:///Users/tbarenghi/Desktop/repos/ElLoboFeroz-thomasbarenghi/caperucita.wlk not found","timestamp":"2025-04-12T00:01:53.737Z"}
{"level":"error","message":"✘ Could not produce symbols: document file:///Users/tbarenghi/Desktop/ElLoboFeroz-Mateo1223-main%202/caperucita.wlk not found","timestamp":"2025-04-12T00:02:04.608Z"}
{"level":"error","message":"✘ Could not produce symbols: document file:///Users/tbarenghi/Desktop/ElLoboFeroz-Mateo1223-main%202/feroz.wlk not found","timestamp":"2025-04-12T00:02:06.332Z"}
{"level":"error","message":"✘ Could not produce symbols: document file:///Users/tbarenghi/Desktop/ElLoboFeroz-Mateo1223-main%202/cazador.wlk not found","timestamp":"2025-04-12T00:02:07.864Z"}
{"level":"error","message":"✘ Could not produce symbols: document file:///Users/tbarenghi/Desktop/ElLoboFeroz-Mateo1223-main%202/cazador.wlk not found","timestamp":"2025-04-12T00:02:08.162Z"}
{"level":"error","message":"✘ Could not produce symbols: document file:///Users/tbarenghi/Desktop/repos/ElLoboFeroz-thomasbarenghi/feroz.wlk not found","timestamp":"2025-04-12T00:02:13.165Z"}
{"level":"error","message":"✘ Could not produce symbols: document file:///Users/tbarenghi/Desktop/repos/ElLoboFeroz-thomasbarenghi/cazador.wlk not found","timestamp":"2025-04-12T00:02:14.999Z"}
{"level":"error","message":"✘ Could not produce symbols: document file:///Users/tbarenghi/Desktop/repos/ElLoboFeroz-thomasbarenghi/cazador.wlk not found","timestamp":"2025-04-12T00:02:15.298Z"}
{"level":"error","message":"✘ Could not produce symbols: document file:///Users/tbarenghi/Desktop/repos/ElLoboFeroz-thomasbarenghi/cazador.wlk not found","timestamp":"2025-04-12T00:02:18.005Z"}
{"level":"error","message":"✘ Could not produce symbols: document file:///Users/tbarenghi/Desktop/repos/ElLoboFeroz-thomasbarenghi/cazador.wlk not found","timestamp":"2025-04-12T00:02:18.006Z"}
{"level":"error","message":"✘ Could not produce symbols: document file:///Users/tbarenghi/Desktop/repos/ElLoboFeroz-thomasbarenghi/caperucita.wlk not found","timestamp":"2025-04-12T00:02:25.505Z"}
{"level":"error","message":"✘ Could not produce symbols: document file:///Users/tbarenghi/Desktop/repos/ElLoboFeroz-thomasbarenghi/caperucita.wlk not found","timestamp":"2025-04-12T00:02:25.805Z"}
{"level":"error","message":"✘ Could not produce symbols: document file:///Users/tbarenghi/Desktop/repos/ElLoboFeroz-thomasbarenghi/feroz.wlk not found","timestamp":"2025-04-12T00:02:28.265Z"}
{"level":"error","message":"✘ Could not produce symbols: document file:///Users/tbarenghi/Desktop/repos/ElLoboFeroz-thomasbarenghi/cazador.wlk not found","timestamp":"2025-04-12T00:02:28.834Z"}
{"level":"error","message":"✘ Could not produce symbols: document file:///Users/tbarenghi/Desktop/ElLoboFeroz-Mateo1223-main%202/feroz.wlk not found","timestamp":"2025-04-12T00:02:40.697Z"}
{"level":"error","message":"✘ Could not produce symbols: document file:///Users/tbarenghi/Desktop/repos/ElLoboFeroz-thomasbarenghi/caperucita.wlk not found","timestamp":"2025-04-12T00:02:45.093Z"}
{"level":"error","message":"✘ Could not produce symbols: document file:///Users/tbarenghi/Desktop/repos/ElLoboFeroz-thomasbarenghi/cazador.wlk not found","timestamp":"2025-04-12T00:02:48.709Z"}
{"level":"error","message":"✘ Could not produce symbols: document file:///Users/tbarenghi/Desktop/repos/ElLoboFeroz-thomasbarenghi/cazador.wlk not found","timestamp":"2025-04-12T00:02:52.981Z"}
{"level":"error","message":"✘ Could not produce symbols: document file:///Users/tbarenghi/Desktop/repos/ElLoboFeroz-thomasbarenghi/cazador.wlk not found","timestamp":"2025-04-12T00:02:52.981Z"}
{"level":"error","message":"✘ Could not produce symbols: document file:///Users/tbarenghi/Desktop/repos/ElLoboFeroz-thomasbarenghi/cazador.wlk not found","timestamp":"2025-04-12T00:02:59.084Z"}
{"level":"error","message":"✘ Could not produce symbols: document file:///Users/tbarenghi/Desktop/repos/ElLoboFeroz-thomasbarenghi/cazador.wlk not found","timestamp":"2025-04-12T00:02:59.085Z"}
{"level":"error","message":"✘ Could not produce symbols: document file:///Users/tbarenghi/Desktop/repos/ElLoboFeroz-thomasbarenghi/caperucita.wlk not found","timestamp":"2025-04-12T00:03:21.021Z"}
{"level":"error","message":"✘ Could not produce symbols: document file:///Users/tbarenghi/Desktop/repos/ElLoboFeroz-thomasbarenghi/cazador.wlk not found","timestamp":"2025-04-12T00:03:22.364Z"}
{"level":"error","message":"✘ Could not produce symbols: document file:///Users/tbarenghi/Desktop/ElLoboFeroz-Mateo1223-main%202/feroz.wlk not found","timestamp":"2025-04-12T00:03:25.557Z"}
{"level":"error","message":"✘ Could not produce symbols: document file:///Users/tbarenghi/Desktop/repos/ElLoboFeroz-thomasbarenghi/cazador.wlk not found","timestamp":"2025-04-12T00:03:27.366Z"}
{"level":"error","message":"✘ Could not produce symbols: document file:///Users/tbarenghi/Desktop/ElLoboFeroz-Mateo1223-main%202/cazador.wlk not found","timestamp":"2025-04-12T00:03:28.787Z"}
{"level":"error","message":"✘ Could not produce symbols: document file:///Users/tbarenghi/Desktop/repos/ElLoboFeroz-thomasbarenghi/cazador.wlk not found","timestamp":"2025-04-12T00:03:29.929Z"}
{"level":"error","message":"✘ Could not produce symbols: document file:///Users/tbarenghi/Desktop/repos/ElLoboFeroz-thomasbarenghi/caperucita.wlk not found","timestamp":"2025-04-12T00:03:36.344Z"}
{"level":"error","message":"✘ Could not produce symbols: document file:///Users/tbarenghi/Desktop/repos/ElLoboFeroz-thomasbarenghi/caperucita.wlk not found","timestamp":"2025-04-12T00:03:36.644Z"}
{"level":"error","message":"✘ Could not produce symbols: document file:///Users/tbarenghi/Desktop/repos/ElLoboFeroz-thomasbarenghi/feroz.wlk not found","timestamp":"2025-04-12T00:03:37.740Z"}
{"level":"error","message":"✘ Could not produce symbols: document file:///Users/tbarenghi/Desktop/repos/ElLoboFeroz-thomasbarenghi/feroz.wlk not found","timestamp":"2025-04-12T00:03:38.040Z"}
{"level":"error","message":"✘ Could not produce symbols: document file:///Users/tbarenghi/Desktop/repos/ElLoboFeroz-thomasbarenghi/abuelita.wlk not found","timestamp":"2025-04-12T00:03:43.436Z"}
{"level":"error","message":"✘ Could not produce symbols: document file:///Users/tbarenghi/Desktop/repos/ElLoboFeroz-thomasbarenghi/abuelita.wlk not found","timestamp":"2025-04-12T00:03:43.735Z"}
{"level":"error","message":"✘ Could not produce symbols: document file:///Users/tbarenghi/Desktop/ElLoboFeroz-Mateo1223-main%202/abuelita.wlk not found","timestamp":"2025-04-12T00:03:50.028Z"}
{"level":"error","message":"✘ Could not produce symbols: document file:///Users/tbarenghi/Desktop/ElLoboFeroz-Mateo1223-main%202/abuelita.wlk not found","timestamp":"2025-04-12T00:03:50.327Z"}
{"level":"error","message":"✘ Could not produce symbols: document file:///Users/tbarenghi/Desktop/repos/ElLoboFeroz-thomasbarenghi/abuelita.wlk not found","timestamp":"2025-04-12T00:03:53.788Z"}
{"level":"error","message":"✘ Could not produce symbols: document file:///Users/tbarenghi/Desktop/repos/ElLoboFeroz-thomasbarenghi/abuelita.wlk not found","timestamp":"2025-04-12T00:03:56.537Z"}
{"level":"error","message":"✘ Could not produce symbols: document file:///Users/tbarenghi/Desktop/repos/ElLoboFeroz-thomasbarenghi/abuelita.wlk not found","timestamp":"2025-04-12T00:03:56.538Z"}
{"level":"error","message":"✘ Could not produce symbols: document file:///Users/tbarenghi/Desktop/ElLoboFeroz-Mateo1223-main%202/abuelita.wlk not found","timestamp":"2025-04-12T00:04:01.975Z"}
{"level":"error","message":"✘ Could not produce symbols: document file:///Users/tbarenghi/Desktop/repos/ElLoboFeroz-thomasbarenghi/abuelita.wlk not found","timestamp":"2025-04-12T00:04:03.725Z"}
{"level":"error","message":"✘ Could not produce symbols: document file:///Users/tbarenghi/Desktop/repos/ElLoboFeroz-thomasbarenghi/feroz.wlk not found","timestamp":"2025-04-12T00:04:05.021Z"}
{"level":"error","message":"✘ Could not produce symbols: document file:///Users/tbarenghi/Desktop/ElLoboFeroz-Mateo1223-main%202/feroz.wlk not found","timestamp":"2025-04-12T00:04:07.086Z"}
{"level":"error","message":"✘ Could not produce symbols: document file:///Users/tbarenghi/Desktop/ElLoboFeroz-Mateo1223-main%202/feroz.wlk not found","timestamp":"2025-04-12T00:04:07.385Z"}
{"level":"error","message":"✘ Could not produce symbols: document file:///Users/tbarenghi/Desktop/repos/ElLoboFeroz-thomasbarenghi/feroz.wlk not found","timestamp":"2025-04-12T00:04:12.595Z"}
{"level":"error","message":"✘ Could not produce symbols: document file:///Users/tbarenghi/Desktop/repos/ElLoboFeroz-thomasbarenghi/feroz.wlk not found","timestamp":"2025-04-12T00:04:15.738Z"}
{"level":"error","message":"✘ Could not produce symbols: document file:///Users/tbarenghi/Desktop/repos/ElLoboFeroz-thomasbarenghi/feroz.wlk not found","timestamp":"2025-04-12T00:04:15.739Z"}
{"level":"error","message":"✘ Could not produce symbols: document file:///Users/tbarenghi/Desktop/ElLoboFeroz-Mateo1223-main%202/feroz.wlk not found","timestamp":"2025-04-12T00:04:20.593Z"}
{"level":"error","message":"✘ Could not produce symbols: document file:///Users/tbarenghi/Desktop/repos/ElLoboFeroz-thomasbarenghi/caperucita.wlk not found","timestamp":"2025-04-12T00:04:22.041Z"}
{"level":"error","message":"✘ Could not produce symbols: document file:///Users/tbarenghi/Desktop/ElLoboFeroz-Mateo1223-main%202/caperucita.wlk not found","timestamp":"2025-04-12T00:04:23.583Z"}
{"level":"error","message":"✘ Could not produce symbols: document file:///Users/tbarenghi/Desktop/ElLoboFeroz-Mateo1223-main%202/caperucita.wlk not found","timestamp":"2025-04-12T00:04:23.882Z"}
{"level":"error","message":"✘ Could not produce symbols: document file:///Users/tbarenghi/Desktop/repos/ElLoboFeroz-thomasbarenghi/caperucita.wlk not found","timestamp":"2025-04-12T00:04:27.706Z"}
{"level":"error","message":"✘ Could not produce symbols: document file:///Users/tbarenghi/Desktop/repos/ElLoboFeroz-thomasbarenghi/caperucita.wlk not found","timestamp":"2025-04-12T00:04:30.311Z"}
{"level":"error","message":"✘ Could not produce symbols: document file:///Users/tbarenghi/Desktop/repos/ElLoboFeroz-thomasbarenghi/caperucita.wlk not found","timestamp":"2025-04-12T00:04:30.312Z"}
{"level":"error","message":"✘ Could not produce symbols: document file:///Users/tbarenghi/Desktop/ElLoboFeroz-Mateo1223-main%202/caperucita.wlk not found","timestamp":"2025-04-12T00:04:34.041Z"}
{"level":"error","message":"✘ Could not produce symbols: document file:///Users/tbarenghi/Desktop/repos/ElLoboFeroz-thomasbarenghi/cazador.wlk not found","timestamp":"2025-04-12T00:04:35.572Z"}
{"level":"error","message":"✘ Could not produce symbols: document file:///Users/tbarenghi/Desktop/ElLoboFeroz-Mateo1223-main%202/cazador.wlk not found","timestamp":"2025-04-12T00:04:38.494Z"}
{"level":"error","message":"✘ Could not produce symbols: document file:///Users/tbarenghi/Desktop/ElLoboFeroz-Mateo1223-main%202/cazador.wlk not found","timestamp":"2025-04-12T00:04:38.792Z"}
{"level":"error","message":"✘ Could not produce symbols: document file:///Users/tbarenghi/Desktop/repos/ElLoboFeroz-thomasbarenghi/cazador.wlk not found","timestamp":"2025-04-12T00:04:42.334Z"}
{"level":"error","message":"✘ Could not produce symbols: document file:///Users/tbarenghi/Desktop/repos/ElLoboFeroz-thomasbarenghi/cazador.wlk not found","timestamp":"2025-04-12T00:04:45.115Z"}
{"level":"error","message":"✘ Could not produce symbols: document file:///Users/tbarenghi/Desktop/repos/ElLoboFeroz-thomasbarenghi/cazador.wlk not found","timestamp":"2025-04-12T00:04:45.116Z"}
{"level":"error","message":"✘ Could not produce symbols: document file:///Users/tbarenghi/Desktop/repos/ElLoboFeroz-thomasbarenghi/historia.wtest not found","timestamp":"2025-04-12T00:04:55.189Z"}
{"level":"error","message":"✘ Could not produce symbols: document file:///Users/tbarenghi/Desktop/ElLoboFeroz-Mateo1223-main%202/historia.wtest not found","timestamp":"2025-04-12T00:05:00.493Z"}
{"level":"error","message":"✘ Could not produce symbols: document file:///Users/tbarenghi/Desktop/ElLoboFeroz-Mateo1223-main%202/historia.wtest not found","timestamp":"2025-04-12T00:05:00.792Z"}
{"level":"error","message":"✘ Could not produce symbols: document file:///Users/tbarenghi/Desktop/repos/ElLoboFeroz-thomasbarenghi/historia.wtest not found","timestamp":"2025-04-12T00:05:04.153Z"}
{"level":"error","message":"✘ Could not produce symbols: document file:///Users/tbarenghi/Desktop/ElLoboFeroz-Mateo1223-main%202/historia.wtest not found","timestamp":"2025-04-12T00:05:08.041Z"}
{"level":"error","message":"✘ Error in getDefinition: TypeError: Cannot read properties of undefined (reading 'is') Cannot read properties of undefined (reading 'is')","stack":"TypeError: Cannot read properties of undefined (reading 'is')\n    at /Users/tbarenghi/.vscode/extensions/uqbar.wollok-lsp-ide-0.5.0/out/server/src/server.js:2370:2225\n    at /Users/tbarenghi/.vscode/extensions/uqbar.wollok-lsp-ide-0.5.0/out/server/src/server.js:2370:2179\n    at /Users/tbarenghi/.vscode/extensions/uqbar.wollok-lsp-ide-0.5.0/out/server/src/server.js:2371:8632\n    at /Users/tbarenghi/.vscode/extensions/uqbar.wollok-lsp-ide-0.5.0/out/server/src/server.js:37:75306\n    at Ye (/Users/tbarenghi/.vscode/extensions/uqbar.wollok-lsp-ide-0.5.0/out/server/src/server.js:7:8527)\n    at Dt (/Users/tbarenghi/.vscode/extensions/uqbar.wollok-lsp-ide-0.5.0/out/server/src/server.js:7:6189)\n    at Zi (/Users/tbarenghi/.vscode/extensions/uqbar.wollok-lsp-ide-0.5.0/out/server/src/server.js:7:6378)\n    at Immediate._onImmediate (/Users/tbarenghi/.vscode/extensions/uqbar.wollok-lsp-ide-0.5.0/out/server/src/server.js:7:6142)\n    at process.processImmediate (node:internal/timers:483:21)","timestamp":"2025-04-12T00:05:10.405Z"}
{"level":"error","message":"✘ Could not produce symbols: document file:///Users/tbarenghi/Desktop/repos/ElLoboFeroz-thomasbarenghi/historia.wtest not found","timestamp":"2025-04-12T00:05:12.198Z"}
{"level":"error","message":"✘ Could not produce symbols: document file:///Users/tbarenghi/Desktop/repos/ElLoboFeroz-thomasbarenghi/historia.wtest not found","timestamp":"2025-04-12T00:05:14.315Z"}
{"level":"error","message":"✘ Could not produce symbols: document file:///Users/tbarenghi/Desktop/repos/ElLoboFeroz-thomasbarenghi/historia.wtest not found","timestamp":"2025-04-12T00:05:14.316Z"}
{"level":"error","message":"✘ Could not produce symbols: document file:///Users/tbarenghi/Desktop/repos/ElLoboFeroz-thomasbarenghi/historia.wtest not found","timestamp":"2025-04-12T00:05:16.838Z"}
{"level":"error","message":"✘ Could not produce symbols: document file:///Users/tbarenghi/Desktop/repos/ElLoboFeroz-thomasbarenghi/historia.wtest not found","timestamp":"2025-04-12T00:05:16.839Z"}
{"level":"error","message":"✘ Error in getDefinition: TypeError: Cannot read properties of undefined (reading 'is') Cannot read properties of undefined (reading 'is')","stack":"TypeError: Cannot read properties of undefined (reading 'is')\n    at /Users/tbarenghi/.vscode/extensions/uqbar.wollok-lsp-ide-0.5.0/out/server/src/server.js:2370:2225\n    at /Users/tbarenghi/.vscode/extensions/uqbar.wollok-lsp-ide-0.5.0/out/server/src/server.js:2370:2179\n    at /Users/tbarenghi/.vscode/extensions/uqbar.wollok-lsp-ide-0.5.0/out/server/src/server.js:2371:8632\n    at /Users/tbarenghi/.vscode/extensions/uqbar.wollok-lsp-ide-0.5.0/out/server/src/server.js:37:75306\n    at Ye (/Users/tbarenghi/.vscode/extensions/uqbar.wollok-lsp-ide-0.5.0/out/server/src/server.js:7:8527)\n    at Dt (/Users/tbarenghi/.vscode/extensions/uqbar.wollok-lsp-ide-0.5.0/out/server/src/server.js:7:6189)\n    at Zi (/Users/tbarenghi/.vscode/extensions/uqbar.wollok-lsp-ide-0.5.0/out/server/src/server.js:7:6378)\n    at Immediate._onImmediate (/Users/tbarenghi/.vscode/extensions/uqbar.wollok-lsp-ide-0.5.0/out/server/src/server.js:7:6142)\n    at process.processImmediate (node:internal/timers:483:21)","timestamp":"2025-04-12T00:05:18.050Z"}
{"level":"error","message":"✘ Could not produce symbols: document file:///Users/tbarenghi/Desktop/repos/ElLoboFeroz-thomasbarenghi/historia.wtest not found","timestamp":"2025-04-12T00:06:12.321Z"}
{"level":"error","message":"✘ Could not produce symbols: document file:///Users/tbarenghi/Desktop/repos/ElLoboFeroz-thomasbarenghi/historia.wtest not found","timestamp":"2025-04-12T00:06:12.322Z"}
{"level":"error","message":"✘ Could not produce symbols: document file:///Users/tbarenghi/Desktop/repos/ElLoboFeroz-thomasbarenghi/historia.wtest not found","timestamp":"2025-04-12T00:07:06.951Z"}
{"level":"error","message":"✘ Could not produce symbols: document file:///Users/tbarenghi/Desktop/repos/ElLoboFeroz-thomasbarenghi/historia.wtest not found","timestamp":"2025-04-12T00:07:06.952Z"}
{"level":"error","message":"✘ Could not produce symbols: document file:///Users/tbarenghi/Desktop/repos/ElLoboFeroz-thomasbarenghi/feroz.wlk not found","timestamp":"2025-04-12T00:07:14.774Z"}
{"level":"error","message":"✘ Could not produce symbols: document file:///Users/tbarenghi/Desktop/repos/ElLoboFeroz-thomasbarenghi/feroz.wlk not found","timestamp":"2025-04-12T00:07:15.074Z"}
{"level":"error","message":"✘ Could not produce symbols: document file:///Users/tbarenghi/Desktop/repos/ElLoboFeroz-thomasbarenghi/feroz.wlk not found","timestamp":"2025-04-12T00:07:40.815Z"}
{"level":"error","message":"✘ Could not produce symbols: document file:///Users/tbarenghi/Desktop/repos/ElLoboFeroz-thomasbarenghi/feroz.wlk not found","timestamp":"2025-04-12T00:07:40.816Z"}
{"level":"error","message":"✘ Could not produce symbols: document file:///Users/tbarenghi/Desktop/repos/ElLoboFeroz-thomasbarenghi/cazador.wlk not found","timestamp":"2025-04-12T00:07:47.745Z"}
{"level":"error","message":"✘ Could not produce symbols: document file:///Users/tbarenghi/Desktop/repos/ElLoboFeroz-thomasbarenghi/cazador.wlk not found","timestamp":"2025-04-12T00:07:48.044Z"}
{"level":"error","message":"✘ Could not produce symbols: document file:///Users/tbarenghi/Desktop/repos/ElLoboFeroz-thomasbarenghi/cazador.wlk not found","timestamp":"2025-04-12T00:08:06.482Z"}
{"level":"error","message":"✘ Could not produce symbols: document file:///Users/tbarenghi/Desktop/repos/ElLoboFeroz-thomasbarenghi/cazador.wlk not found","timestamp":"2025-04-12T00:08:06.483Z"}
{"level":"error","message":"✘ Could not produce symbols: document file:///Users/tbarenghi/Desktop/repos/ElLoboFeroz-thomasbarenghi/caperucita.wlk not found","timestamp":"2025-04-12T00:08:14.423Z"}
{"level":"error","message":"✘ Could not produce symbols: document file:///Users/tbarenghi/Desktop/repos/ElLoboFeroz-thomasbarenghi/caperucita.wlk not found","timestamp":"2025-04-12T00:08:14.722Z"}
{"level":"error","message":"✘ Could not produce symbols: document file:///Users/tbarenghi/Desktop/repos/ElLoboFeroz-thomasbarenghi/caperucita.wlk not found","timestamp":"2025-04-12T00:08:41.036Z"}
{"level":"error","message":"✘ Could not produce symbols: document file:///Users/tbarenghi/Desktop/repos/ElLoboFeroz-thomasbarenghi/caperucita.wlk not found","timestamp":"2025-04-12T00:08:41.037Z"}
{"level":"error","message":"✘ Could not produce symbols: document file:///Users/tbarenghi/Desktop/repos/ElLoboFeroz-thomasbarenghi/abuelita.wlk not found","timestamp":"2025-04-12T00:08:49.614Z"}
{"level":"error","message":"✘ Could not produce symbols: document file:///Users/tbarenghi/Desktop/repos/ElLoboFeroz-thomasbarenghi/abuelita.wlk not found","timestamp":"2025-04-12T00:08:49.914Z"}
{"level":"error","message":"✘ Could not produce symbols: document file:///Users/tbarenghi/Desktop/repos/ElLoboFeroz-thomasbarenghi/abuelita.wlk not found","timestamp":"2025-04-12T00:09:06.207Z"}
{"level":"error","message":"✘ Could not produce symbols: document file:///Users/tbarenghi/Desktop/repos/ElLoboFeroz-thomasbarenghi/abuelita.wlk not found","timestamp":"2025-04-12T00:09:06.208Z"}
{"level":"error","message":"✘ Could not produce symbols: document file:///Users/tbarenghi/Desktop/repos/ElLoboFeroz-thomasbarenghi/feroz.wlk not found","timestamp":"2025-04-12T00:09:11.697Z"}
{"level":"error","message":"✘ Could not produce symbols: document file:///Users/tbarenghi/Desktop/repos/ElLoboFeroz-thomasbarenghi/cazador.wlk not found","timestamp":"2025-04-12T00:09:13.000Z"}
{"level":"error","message":"✘ Could not produce symbols: document file:///Users/tbarenghi/Desktop/repos/ElLoboFeroz-thomasbarenghi/caperucita.wlk not found","timestamp":"2025-04-12T00:09:13.516Z"}
{"level":"error","message":"✘ Could not produce symbols: document file:///Users/tbarenghi/Desktop/repos/ElLoboFeroz-thomasbarenghi/abuelita.wlk not found","timestamp":"2025-04-12T00:09:15.188Z"}
{"level":"error","message":"✘ Could not produce symbols: document file:///Users/tbarenghi/Desktop/repos/ElLoboFeroz-thomasbarenghi/abuelita.wlk not found","timestamp":"2025-04-12T00:12:26.437Z"}
{"level":"error","message":"✘ Could not produce symbols: document file:///Users/tbarenghi/Desktop/repos/ElLoboFeroz-thomasbarenghi/abuelita.wlk not found","timestamp":"2025-04-12T00:12:26.439Z"}
